[INFO] Scanning for projects...
[INFO] 
[INFO] ----------------------------< lingesh:java >----------------------------
[INFO] Building java 0.0.1-SNAPSHOT
[INFO]   from pom.xml
[INFO] --------------------------------[ jar ]---------------------------------
[INFO] 
[INFO] --- clean:3.4.1:clean (default-clean) @ java ---
[INFO] Deleting C:\Users\linge\OneDrive\Desktop\E-Commerce\Backend\target
[INFO] ------------------------------------------------------------------------
[INFO] BUILD FAILURE
[INFO] ------------------------------------------------------------------------
[INFO] Total time:  2.370 s
[INFO] Finished at: 2026-02-01T16:36:42+05:30
[INFO] ------------------------------------------------------------------------
[ERROR] Failed to execute goal org.apache.maven.plugins:maven-clean-plugin:3.4.1:clean (default-clean) on project java: Failed to clean project: Failed to delete C:\Users\linge\OneDrive\Desktop\E-Commerce\Backend\target\classes\static\images -> [Help 1]
[ERROR] 
[ERROR] To see the full stack trace of the errors, re-run Maven with the -e switch.
[ERROR] Re-run Maven using the -X switch to enable full debug logging.
[ERROR] 
[ERROR] For more information about the errors and possible solutions, please read the following articles:
[ERROR] [Help 1] http://cwiki.apache.org/confluence/display/MAVEN/MojoExecutionException
